// Jest Snapshot v1, https://goo.gl/fbAQLP

exports[`.getFileLayers[1] - getGeoJson defaults should convert topojson to geojson 1`] = `
{
  "features": [
    {
      "geometry": {
        "coordinates": [
          [
            [
              72.77144284428442,
              62.593,
            ],
            [
              50.625,
              50.06444104410441,
            ],
            [
              91.7565793579358,
              35.46,
            ],
            [
              93.867,
              58.2621401140114,
            ],
            [
              72.77144284428442,
              62.593,
            ],
          ],
        ],
        "type": "Polygon",
      },
      "properties": {
        "foo": "bar",
      },
      "type": "Feature",
    },
  ],
  "type": "FeatureCollection",
}
`;

exports[`.getFileLayers[1] - getGeoJson limited cache 1`] = `
{
  "features": [
    {
      "geometry": {
        "coordinates": [
          [
            [
              72.77144284428442,
              62.593,
            ],
            [
              50.625,
              50.06444104410441,
            ],
            [
              91.7565793579358,
              35.46,
            ],
            [
              93.867,
              58.2621401140114,
            ],
            [
              72.77144284428442,
              62.593,
            ],
          ],
        ],
        "type": "Polygon",
      },
      "properties": {
        "foo": "bar",
      },
      "type": "Feature",
    },
  ],
  "type": "FeatureCollection",
}
`;
